org.opentripplanner.routing.algorithm.mapping.BikeRentalSnapshotTest.directBikeRentalArrivingAtDestination=[
  [
    {
      "arrivedAtDestinationWithRentedBicycle": true,
      "durationSeconds": 338,
      "elevationGained": 0.0,
      "elevationLost": 0.0,
      "fare": {
        "details": { },
        "fare": { }
      },
      "generalizedCost": 622,
      "legs": [
        {
          "agencyTimeZoneOffset": -25200000,
          "arrivalDelay": 0,
          "bikeRentalNetworks": [ ],
          "departureDelay": 0,
          "distanceMeters": 106.589,
          "endTime": "2009-10-21T23:12:31.000+0000",
          "flexibleTrip": false,
          "from": {
            "coordinate": {
              "latitude": 45.52832,
              "longitude": -122.70059
            },
            "name": "SW Johnson St. & NW 24th Ave. (P1)",
            "orig": "SW Johnson St. & NW 24th Ave. (P1)",
            "vertexType": "NORMAL"
          },
          "generalizedCost": 288,
          "interlineWithPreviousLeg": false,
          "legGeometry": {
            "length": 4,
            "points": "}f{tGv}{kVjCA?e@WA"
          },
          "mode": "WALK",
          "onStreetNonTransit": true,
          "pathway": false,
          "realTime": false,
          "rentedBike": false,
          "scheduled": false,
          "startTime": "2009-10-21T23:10:00.000+0000",
          "streetNotes": [ ],
          "to": {
            "bikeShareId": "-102309",
            "coordinate": {
              "latitude": 45.5277374,
              "longitude": -122.70038790000001
            },
            "name": "-102309",
            "vertexType": "BIKESHARE"
          },
          "transitAlerts": [ ],
          "transitLeg": false,
          "walkSteps": [
            {
              "absoluteDirection": "SOUTH",
              "angle": 3.1263917767722313,
              "area": false,
              "bogusName": false,
              "distance": 78.527,
              "edges": [ ],
              "elevation": [ ],
              "relativeDirection": "DEPART",
              "startLocation": {
                "latitude": 45.52831993266165,
                "longitude": -122.70059632295107
              },
              "stayOn": false,
              "streetName": "Northwest 24th Avenue",
              "streetNotes": [ ]
            },
            {
              "absoluteDirection": "EAST",
              "angle": 1.5443268101828453,
              "area": false,
              "bogusName": false,
              "distance": 14.704,
              "edges": [ ],
              "elevation": [ ],
              "relativeDirection": "LEFT",
              "startLocation": {
                "latitude": 45.527613800000005,
                "longitude": -122.70058100000001
              },
              "stayOn": false,
              "streetName": "Northwest Irving Street",
              "streetNotes": [ ]
            },
            {
              "absoluteDirection": "NORTH",
              "angle": 0.02566034822056683,
              "area": false,
              "bikeRentalOnStation": {
                "id": "-102309",
                "lat": 45.5277374,
                "lon": -122.70038790000001,
                "name": "-102309"
              },
              "bogusName": true,
              "distance": 13.358,
              "edges": [ ],
              "elevation": [ ],
              "relativeDirection": "LEFT",
              "startLocation": {
                "latitude": 45.5276173,
                "longitude": -122.7003923
              },
              "stayOn": false,
              "streetName": "way -102328 from 0",
              "streetNotes": [ ]
            }
          ],
          "walkingLeg": true
        },
        {
          "agencyTimeZoneOffset": -25200000,
          "arrivalDelay": 0,
          "bikeRentalNetworks": [
            "test-network"
          ],
          "departureDelay": 0,
          "distanceMeters": 13.358,
          "endTime": "2009-10-21T23:12:42.000+0000",
          "flexibleTrip": false,
          "from": {
            "coordinate": {
              "latitude": 45.5277374,
              "longitude": -122.70038790000001
            },
            "name": "way -102328 from 0",
            "vertexType": "NORMAL"
          },
          "generalizedCost": 20,
          "interlineWithPreviousLeg": false,
          "legGeometry": {
            "length": 2,
            "points": "ic{tGl|{kVV@"
          },
          "mode": "WALK",
          "onStreetNonTransit": true,
          "pathway": false,
          "realTime": false,
          "rentedBike": true,
          "scheduled": false,
          "startTime": "2009-10-21T23:12:31.000+0000",
          "streetNotes": [ ],
          "to": {
            "coordinate": {
              "latitude": 45.5276173,
              "longitude": -122.7003923
            },
            "name": "corner of way -102328 from 0 and Northwest Irving Street",
            "vertexType": "NORMAL"
          },
          "transitAlerts": [ ],
          "transitLeg": false,
          "walkSteps": [
            {
              "absoluteDirection": "SOUTH",
              "angle": -3.1159323053692263,
              "area": false,
              "bogusName": true,
              "distance": 13.358,
              "edges": [ ],
              "elevation": [ ],
              "relativeDirection": "HARD_LEFT",
              "startLocation": {
                "latitude": 45.5277374,
                "longitude": -122.70038790000001
              },
              "stayOn": false,
              "streetName": "way -102328 from 0",
              "streetNotes": [ ]
            }
          ],
          "walkingLeg": true
        },
        {
          "agencyTimeZoneOffset": -25200000,
          "arrivalDelay": 0,
          "bikeRentalNetworks": [
            "test-network"
          ],
          "departureDelay": 0,
          "distanceMeters": 698.613,
          "endTime": "2009-10-21T23:15:38.000+0000",
          "flexibleTrip": false,
          "from": {
            "coordinate": {
              "latitude": 45.5276173,
              "longitude": -122.7003923
            },
            "name": "corner of way -102328 from 0 and Northwest Irving Street",
            "vertexType": "NORMAL"
          },
          "generalizedCost": 312,
          "interlineWithPreviousLeg": false,
          "legGeometry": {
            "length": 10,
            "points": "qb{tGn|{kVGsJL?F?tBCEuK?g@GmJEuK?C"
          },
          "mode": "BICYCLE",
          "onStreetNonTransit": true,
          "pathway": false,
          "realTime": false,
          "rentedBike": true,
          "scheduled": false,
          "startTime": "2009-10-21T23:12:42.000+0000",
          "streetNotes": [ ],
          "to": {
            "coordinate": {
              "latitude": 45.52704,
              "longitude": -122.6924
            },
            "name": "NW Hoyt St. & NW 20th Ave. (P2)",
            "orig": "NW Hoyt St. & NW 20th Ave. (P2)",
            "vertexType": "NORMAL"
          },
          "transitAlerts": [ ],
          "transitLeg": false,
          "walkSteps": [
            {
              "absoluteDirection": "EAST",
              "angle": 1.5441765471733384,
              "area": false,
              "bogusName": false,
              "distance": 144.546,
              "edges": [ ],
              "elevation": [ ],
              "relativeDirection": "LEFT",
              "startLocation": {
                "latitude": 45.5276173,
                "longitude": -122.7003923
              },
              "stayOn": false,
              "streetName": "Northwest Irving Street",
              "streetNotes": [ ]
            },
            {
              "absoluteDirection": "SOUTH",
              "angle": 3.114702563033784,
              "area": false,
              "bogusName": false,
              "distance": 77.976,
              "edges": [ ],
              "elevation": [ ],
              "relativeDirection": "RIGHT",
              "startLocation": {
                "latitude": 45.5276519,
                "longitude": -122.6985374
              },
              "stayOn": false,
              "streetName": "Northwest 23rd Avenue",
              "streetNotes": [ ]
            },
            {
              "absoluteDirection": "EAST",
              "angle": 1.545901243204427,
              "area": false,
              "bogusName": false,
              "distance": 476.091,
              "edges": [ ],
              "elevation": [ ],
              "relativeDirection": "LEFT",
              "startLocation": {
                "latitude": 45.5269509,
                "longitude": -122.69851030000001
              },
              "stayOn": false,
              "streetName": "Northwest Hoyt Street",
              "streetNotes": [ ]
            }
          ],
          "walkingLeg": false
        }
      ],
      "nTransfers": 0,
      "nonTransitDistanceMeters": 818.5600000000001,
      "nonTransitLimitExceeded": false,
      "nonTransitTimeSeconds": 338,
      "onStreetAllTheWay": true,
      "streetOnly": true,
      "systemNotices": [ ],
      "tooSloped": false,
      "transitTimeSeconds": 0,
      "waitTimeAdjustedGeneralizedCost": -1,
      "waitingTimeSeconds": 0,
      "walkOnly": false,
      "walkingAllTheWay": false
    }
  ]
]